// Jest Snapshot v1, https://goo.gl/fbAQLP

exports[`Pr_Test en <CounterApp/> debe de hacer match con el snapshot 1`] = `
<div>
  <h1>
    CounterApp 
  </h1>
  <h3
    style="text-align: center;"
  >
    100
  </h3>
  <h2
    style="text-align: center;"
  >
    0
    :
    0
    :
    100
  </h2>
  <button
    class="btn"
  >
    +1
  </button>
  <button
    class="btn"
  >
    -1
  </button>
  <button
    aria-label="btn-reset"
    class="btn"
  >
    Reset
  </button>
</div>
`;
